app/[lang]/dashboard/analysis/components/AnalysisCharts.tsx(65,25): error TS2322: Type '(value: number) => [string, ""]' is not assignable to type 'Formatter<number, "">'.
  Types of parameters 'value' and 'value' are incompatible.
    Type 'number | undefined' is not assignable to type 'number'.
      Type 'undefined' is not assignable to type 'number'.
app/[lang]/dashboard/analysis/components/AnalysisCharts.tsx(107,25): error TS2322: Type '(value: number) => [string, "Price"]' is not assignable to type 'Formatter<number, "Price">'.
  Types of parameters 'value' and 'value' are incompatible.
    Type 'number | undefined' is not assignable to type 'number'.
      Type 'undefined' is not assignable to type 'number'.
app/[lang]/pricing-stripe/page.tsx(45,25): error TS2339: Property 'stripe-pricing-table' does not exist on type 'JSX.IntrinsicElements'.
app/[lang]/pricing-stripe/page.tsx(49,25): error TS2339: Property 'stripe-pricing-table' does not exist on type 'JSX.IntrinsicElements'.
app/api/stripe/webhook/route.ts(148,57): error TS2339: Property 'current_period_start' does not exist on type 'Response<Subscription>'.
app/api/stripe/webhook/route.ts(149,55): error TS2339: Property 'current_period_end' does not exist on type 'Response<Subscription>'.
app/api/stripe/webhook/route.ts(177,57): error TS2339: Property 'current_period_start' does not exist on type 'Subscription'.
app/api/stripe/webhook/route.ts(178,55): error TS2339: Property 'current_period_end' does not exist on type 'Subscription'.
app/api/stripe/webhook/route.ts(237,36): error TS2339: Property 'subscription' does not exist on type 'Invoice'.
lib/stripe/config.ts(15,5): error TS2322: Type '"2024-12-18.acacia"' is not assignable to type '"2025-12-15.clover"'.
